// Jest Snapshot v1, https://goo.gl/fbAQLP

exports[`cardano Returns static information about the network 1`] = `
Object {
  "cardano": Object {
    "networkName": "mainnet",
    "slotsPerEpoch": 21600,
    "startTime": "2017-09-23T21:44:51.000Z",
  },
}
`;
